======================================================================
PHASE B DRAWDOWN ANALYSIS — 0bps slippage baseline
======================================================================
Loading daily and minute data...
  Daily data: 2,202,827 rows, 2414 instruments (0.4s)
  Loading minute data: 29 files...
    Loaded 20/29 files...
  Minute data: 403,290,612 rows, 2671 symbols (30.9s)
Building weekly universes...
  Computing universes for 208 weekly rebalance dates...
Simulating Phase B at 0bps...

Overall: CAGR=7.6% MDD=-13.49% Sharpe=1.329 Calmar=0.564 Trades=3470 WR=37.4%

Total drawdowns: 48

Top 10 worst drawdowns:
Start        Trough       Recovery      Depth %   Days        Peak Rs      Trough Rs
2024-05-15   2025-07-22   (not recovered)   -13.49    594      1,421,216      1,229,527
2023-06-27   2023-07-07   2023-08-02      -2.79     36      1,146,012      1,114,062
2023-04-11   2023-05-24   2023-06-05      -2.44     55      1,111,396      1,084,327
2024-01-04   2024-01-11   2024-01-18      -2.13     14      1,309,845      1,281,972
2023-01-03   2023-01-12   2023-01-19      -1.91     16      1,054,679      1,034,492
2023-08-24   2023-08-31   2023-09-14      -1.71     21      1,151,952      1,132,237
2024-02-26   2024-03-04   2024-03-21      -1.69     24      1,384,750      1,361,357
2024-05-03   2024-05-08   2024-05-13      -1.36     10      1,408,503      1,389,357
2023-03-10   2023-03-15   2023-03-21      -1.34     11      1,085,592      1,071,023
2023-08-02   2023-08-11   2023-08-21      -1.27     19      1,146,481      1,131,960

Monthly returns (40 months):
Month            Start Rs         End Rs   Return %
2022-01         1,000,000      1,000,000       0.00
2022-10         1,000,000      1,001,365       0.14
2022-11         1,001,365      1,020,331       1.89
2022-12         1,020,331      1,042,938       2.22
2023-01         1,042,938      1,054,308       1.09
2023-02         1,054,308      1,060,151       0.55
2023-03         1,060,151      1,099,668       3.73
2023-04         1,099,668      1,086,934      -1.16
2023-05         1,086,934      1,101,734       1.36
2023-06         1,101,734      1,130,162       2.58
2023-07         1,130,162      1,138,637       0.75
2023-08         1,138,637      1,132,237      -0.56
2023-09         1,132,237      1,183,602       4.54
2023-10         1,183,602      1,227,892       3.74
2023-11         1,227,892      1,270,916       3.50
2023-12         1,270,916      1,309,005       3.00
2024-01         1,309,005      1,325,268       1.24
2024-02         1,325,268      1,371,817       3.51
2024-03         1,371,817      1,382,039       0.75
2024-04         1,382,039      1,397,044       1.09
2024-05         1,397,044      1,377,787      -1.38
2024-06         1,377,787      1,367,347      -0.76
2024-07         1,367,347      1,393,455       1.91
2024-08         1,393,455      1,363,473      -2.15
2024-09         1,363,473      1,338,585      -1.83
2024-10         1,338,585      1,345,012       0.48
2024-11         1,345,012      1,322,803      -1.65
2024-12         1,322,803      1,287,045      -2.70
2025-01         1,287,045      1,258,276      -2.24
2025-02         1,258,276      1,266,660       0.67
2025-03         1,266,660      1,253,467      -1.04
2025-04         1,253,467      1,254,293       0.07
2025-05         1,254,293      1,251,047      -0.26
2025-06         1,251,047      1,249,110      -0.15
2025-07         1,249,110      1,253,075       0.32
2025-08         1,253,075      1,265,695       1.01
2025-09         1,265,695      1,325,938       4.76
2025-10         1,325,938      1,311,329      -1.10
2025-11         1,311,329      1,334,465       1.76
2025-12         1,334,465      1,340,043       0.42

  Positive months: 26/40 (65.0%)
  Negative months: 13/40
  Best month:  {'month': '2025-09', 'start': 1265694.68, 'end': 1325938.07, 'return_pct': 4.76}
  Worst month: {'month': '2024-12', 'start': 1322803.27, 'end': 1287044.51, 'return_pct': -2.7}

Daily returns (762 active days):
  Mean:    0.040%
  Median:  0.123%
  StDev:   0.472%
  Min:     -1.505%  (worst single day)
  Max:     1.447%  (best single day)
  P5:      -0.753%
  P95:     1.003%

Equity curve checkpoints (every 6 months):
  2022-01-01: Rs 1,000,000  (+0.0% vs start)
  2023-04-03: Rs 1,105,863  (+10.6% vs start)
  2023-08-23: Rs 1,145,489  (+14.5% vs start)
  2024-01-12: Rs 1,283,593  (+28.4% vs start)
  2024-06-11: Rs 1,379,195  (+37.9% vs start)
  2024-10-28: Rs 1,351,878  (+35.2% vs start)
  2025-03-18: Rs 1,261,162  (+26.1% vs start)
  2025-08-05: Rs 1,261,568  (+26.2% vs start)
  2025-12-26: Rs 1,336,532  (+33.7% vs start)

Saved: /home/swas/backtester/phase_b_drawdown_analysis.json
